[cpu] strict JSON and generated-artifact checks
PASS: 47 strict JSON files
PASS: 4 scanner blobs, 7 driver blobs, 8 revisions, 515 chunks, and tracker validated
PUBLICATION_COMPARISON_OK: five improvements; no large certificate rerun
verified: 4 increments, 132 holdout events, input 9bb530be18006a6c992d107ee092ffbe2aaafeb4
PASS: aggregate re-scan transcript matches all eight earlier separate-source counts
BSTAR_FILTER_OK input=1859 accepted=1830
[cpu] Python unit tests
test_ab_checkpoint_is_resume_compatible (test_campaign.CampaignBaselineTests.test_ab_checkpoint_is_resume_compatible) ... ok
test_aggregate_and_done_presence_must_agree (test_campaign.CampaignBaselineTests.test_aggregate_and_done_presence_must_agree) ... ok
test_checkpoint_geometry_mismatch_is_rejected (test_campaign.CampaignBaselineTests.test_checkpoint_geometry_mismatch_is_rejected) ... ok
test_direct_champion_can_be_below_general_record (test_campaign.CampaignBaselineTests.test_direct_champion_can_be_below_general_record) ... ok
test_dominated_bound_is_not_recorded (test_campaign.CampaignBaselineTests.test_dominated_bound_is_not_recorded) ... ok
test_general_record_candidate_beats_closed_winner (test_campaign.CampaignBaselineTests.test_general_record_candidate_beats_closed_winner) ... ok
test_legacy_a_only_checkpoint_is_rejected (test_campaign.CampaignBaselineTests.test_legacy_a_only_checkpoint_is_rejected) ... ok
test_noncanonical_done_range_is_rejected (test_campaign.CampaignBaselineTests.test_noncanonical_done_range_is_rejected) ... ok
test_smoke_and_dry_runs_use_separate_default_output (test_campaign.CampaignBaselineTests.test_smoke_and_dry_runs_use_separate_default_output) ... ok
test_unbound_nonempty_checkpoint_is_rejected (test_campaign.CampaignBaselineTests.test_unbound_nonempty_checkpoint_is_rejected) ... ok
test_positive_text_does_not_override_nonzero_returncode (test_campaign.CrosscheckParsingTests.test_positive_text_does_not_override_nonzero_returncode) ... ok
test_scanner_success_literals_match_fail_closed_consumers (test_campaign.CrosscheckParsingTests.test_scanner_success_literals_match_fail_closed_consumers) ... ok
test_validate_requires_structured_positive_line (test_campaign.CrosscheckParsingTests.test_validate_requires_structured_positive_line) ... ok
test_xcheck_rejects_negative_output (test_campaign.CrosscheckParsingTests.test_xcheck_rejects_negative_output) ... ok
test_complete_structured_output_accepts (test_campaign.ScanParsingTests.test_complete_structured_output_accepts) ... ok
test_duplicate_target_is_rejected (test_campaign.ScanParsingTests.test_duplicate_target_is_rejected) ... ok
test_empty_or_partial_output_is_rejected (test_campaign.ScanParsingTests.test_empty_or_partial_output_is_rejected) ... ok
test_histo_top_cardinality_mismatch_is_rejected (test_campaign.ScanParsingTests.test_histo_top_cardinality_mismatch_is_rejected) ... ok
test_inconsistent_target_arithmetic_is_rejected (test_campaign.ScanParsingTests.test_inconsistent_target_arithmetic_is_rejected) ... ok
test_missing_histo_or_top_is_rejected (test_campaign.ScanParsingTests.test_missing_histo_or_top_is_rejected) ... ok
test_negative_stderr_is_rejected (test_campaign.ScanParsingTests.test_negative_stderr_is_rejected) ... ok
test_target_a_count_must_equal_histo_cumulative_count (test_campaign.ScanParsingTests.test_target_a_count_must_equal_histo_cumulative_count) ... ok
test_top_must_contain_the_largest_histo_bins (test_campaign.ScanParsingTests.test_top_must_contain_the_largest_histo_bins) ... ok
test_all_five_cli_stages_form_one_replayable_flow (test_campaign_recovery.CampaignRecoveryEndToEndTests.test_all_five_cli_stages_form_one_replayable_flow) ... ok
test_auxiliary_import_is_bound_but_closes_no_campaign_gate (test_campaign_recovery.CampaignRecoveryEndToEndTests.test_auxiliary_import_is_bound_but_closes_no_campaign_gate) ... ok
test_check_rejects_a_tampered_manifest (test_campaign_recovery.CampaignRecoveryEndToEndTests.test_check_rejects_a_tampered_manifest) ... ok
test_duplicate_restart_rows_are_preserved_not_discarded (test_campaign_recovery.CampaignRecoveryEndToEndTests.test_duplicate_restart_rows_are_preserved_not_discarded) ... ok
test_inventory_is_explicitly_public_campaign_scoped (test_campaign_recovery.CampaignRecoveryEndToEndTests.test_inventory_is_explicitly_public_campaign_scoped) ... ok
test_inventory_refuses_implicit_unscoped_mode (test_campaign_recovery.CampaignRecoveryEndToEndTests.test_inventory_refuses_implicit_unscoped_mode) ... ok
test_preserved_inventory_makes_the_import_self_contained (test_campaign_recovery.CampaignRecoveryEndToEndTests.test_preserved_inventory_makes_the_import_self_contained) ... ok
test_shared_checkpoint_builds_exact_515_rows_and_chunk7_proof (test_campaign_recovery.CampaignRecoveryEndToEndTests.test_shared_checkpoint_builds_exact_515_rows_and_chunk7_proof) ... ok
test_two_split_journals_cover_the_campaign (test_campaign_recovery.CampaignRecoveryEndToEndTests.test_two_split_journals_cover_the_campaign) ... ok
test_atomic_new_write_never_overwrites_an_existing_target (test_campaign_recovery.CampaignRecoveryFailClosedTests.test_atomic_new_write_never_overwrites_an_existing_target) ... ok
test_authenticated_inventory_rejects_a_different_scope (test_campaign_recovery.CampaignRecoveryFailClosedTests.test_authenticated_inventory_rejects_a_different_scope) ... ok
test_authenticated_inventory_rejects_git_path_traversal (test_campaign_recovery.CampaignRecoveryFailClosedTests.test_authenticated_inventory_rejects_git_path_traversal) ... ok
test_authenticated_inventory_rejects_out_of_scope_git_metadata (test_campaign_recovery.CampaignRecoveryFailClosedTests.test_authenticated_inventory_rejects_out_of_scope_git_metadata) ... ok
test_candidate_symlink_cannot_be_imported (test_campaign_recovery.CampaignRecoveryFailClosedTests.test_candidate_symlink_cannot_be_imported) ... ok
test_checkpoint_missing_one_chunk_is_rejected (test_campaign_recovery.CampaignRecoveryFailClosedTests.test_checkpoint_missing_one_chunk_is_rejected) ... ok
test_checkpoint_wrong_historical_revision_is_rejected (test_campaign_recovery.CampaignRecoveryFailClosedTests.test_checkpoint_wrong_historical_revision_is_rejected) ... ok
test_chunk7_reference_hidden_in_a_valid_other_row_is_rejected (test_campaign_recovery.CampaignRecoveryFailClosedTests.test_chunk7_reference_hidden_in_a_valid_other_row_is_rejected) ... ok
test_destination_escape_is_rejected (test_campaign_recovery.CampaignRecoveryFailClosedTests.test_destination_escape_is_rejected) ... ok
test_import_output_inside_source_checkout_is_rejected (test_campaign_recovery.CampaignRecoveryFailClosedTests.test_import_output_inside_source_checkout_is_rejected) ... ok
test_import_output_symlink_is_rejected_without_writing_its_target (test_campaign_recovery.CampaignRecoveryFailClosedTests.test_import_output_symlink_is_rejected_without_writing_its_target) ... ok
test_intermediate_source_symlink_is_rejected_after_inventory (test_campaign_recovery.CampaignRecoveryFailClosedTests.test_intermediate_source_symlink_is_rejected_after_inventory) ... ok
test_inventory_checksum_tampering_is_rejected (test_campaign_recovery.CampaignRecoveryFailClosedTests.test_inventory_checksum_tampering_is_rejected) ... ok
test_jointly_rewritten_source_map_and_driver_cannot_redefine_history (test_campaign_recovery.CampaignRecoveryFailClosedTests.test_jointly_rewritten_source_map_and_driver_cannot_redefine_history) ... ok
test_journal_interval_label_is_bound_to_chunk_geometry (test_campaign_recovery.CampaignRecoveryFailClosedTests.test_journal_interval_label_is_bound_to_chunk_geometry) ... ok
test_journal_must_miss_chunk7_and_no_other_chunk (test_campaign_recovery.CampaignRecoveryFailClosedTests.test_journal_must_miss_chunk7_and_no_other_chunk) ... ok
test_malformed_chunk_like_row_is_rejected (test_campaign_recovery.CampaignRecoveryFailClosedTests.test_malformed_chunk_like_row_is_rejected) ... ok
test_noncanonical_chunk7_reference_is_rejected (test_campaign_recovery.CampaignRecoveryFailClosedTests.test_noncanonical_chunk7_reference_is_rejected) ... ok
test_source_mutation_after_inventory_is_rejected_before_import (test_campaign_recovery.CampaignRecoveryFailClosedTests.test_source_mutation_after_inventory_is_rejected_before_import) ... ok
test_successful_import_leaves_every_source_byte_unchanged (test_campaign_recovery.CampaignRecoveryFailClosedTests.test_successful_import_leaves_every_source_byte_unchanged) ... ok
test_tampered_historical_base64_source_is_rejected (test_campaign_recovery.CampaignRecoveryFailClosedTests.test_tampered_historical_base64_source_is_rejected) ... ok
test_complete_fixture_captures_exactly_five_validated_runs (test_capture_claim_evidence.CaptureExecutionTests.test_complete_fixture_captures_exactly_five_validated_runs) ... ok
test_noncanonical_witness_sample_count_is_rejected (test_capture_claim_evidence.CaptureExecutionTests.test_noncanonical_witness_sample_count_is_rejected) ... ok
test_printed_fake_accept_never_creates_a_manifest (test_capture_claim_evidence.CaptureExecutionTests.test_printed_fake_accept_never_creates_a_manifest) ... ok
test_required_montgomery_free_witness_is_captured_and_validated (test_capture_claim_evidence.CaptureExecutionTests.test_required_montgomery_free_witness_is_captured_and_validated) ... ok
test_capture_and_auditor_freeze_the_same_compile_commands (test_capture_claim_evidence.CaptureGitTests.test_capture_and_auditor_freeze_the_same_compile_commands) ... ok
test_capture_json_parser_rejects_duplicates_nonfinite_and_bom (test_capture_claim_evidence.CaptureGitTests.test_capture_json_parser_rejects_duplicates_nonfinite_and_bom) ... ok
test_dirty_worktree_is_rejected_before_capture (test_capture_claim_evidence.CaptureGitTests.test_dirty_worktree_is_rejected_before_capture) ... ok
test_supplied_compiler_identity_requires_a_sha256 (test_capture_claim_evidence.CaptureGitTests.test_supplied_compiler_identity_requires_a_sha256) ... ok
test_canonical_plan_has_thirteen_claims_and_sixty_seven_runs (test_capture_claim_evidence.CapturePlanTests.test_canonical_plan_has_thirteen_claims_and_sixty_seven_runs) ... ok
test_paths_must_be_repository_relative_and_canonical (test_capture_claim_evidence.CapturePlanTests.test_paths_must_be_repository_relative_and_canonical) ... ok
test_plan_cli_needs_no_gpu_or_binary_arguments (test_capture_claim_evidence.CapturePlanTests.test_plan_cli_needs_no_gpu_or_binary_arguments) ... ok
test_complete_set_is_published_only_after_all_sixty_seven_runs_validate (test_capture_claim_evidence.CaptureTransactionTests.test_complete_set_is_published_only_after_all_sixty_seven_runs_validate) ... [01/13] capture w2_k25_p1138900957
[02/13] capture w2_k26_p2125065391
[03/13] capture w2_k27_p3459826103
[04/13] capture w2_k28_p3476732783
[05/13] capture w3_k17_p1961601427
[06/13] capture w3_k18_p1999994851
[07/13] capture w3_k19_p1999999927
[08/13] capture w3_k20_p1999999927
[09/13] capture w3_k21_p1999999927
[10/13] capture w3_k22_p1999999927
[11/13] capture w3_k23_p1999999927
[12/13] capture w3_k24_p1999999927
[13/13] capture w3_k25_p1999999927
ok
test_argv_zero_must_be_the_hashed_stage_binary (test_claim_audit.ClaimAuditManifestTests.test_argv_zero_must_be_the_hashed_stage_binary) ... ok
test_complete_manifest_accepts (test_claim_audit.ClaimAuditManifestTests.test_complete_manifest_accepts) ... ok
test_empty_compile_command_is_rejected (test_claim_audit.ClaimAuditManifestTests.test_empty_compile_command_is_rejected) ... ok
test_extra_run_and_noncanonical_artifact_path_are_rejected (test_claim_audit.ClaimAuditManifestTests.test_extra_run_and_noncanonical_artifact_path_are_rejected) ... ok
test_manifest_loader_uses_strict_json (test_claim_audit.ClaimAuditManifestTests.test_manifest_loader_uses_strict_json) ... ok
test_missing_repeat_is_rejected (test_claim_audit.ClaimAuditManifestTests.test_missing_repeat_is_rejected) ... ok
test_negative_stderr_is_rejected (test_claim_audit.ClaimAuditManifestTests.test_negative_stderr_is_rejected) ... ok
test_repository_backed_build_hashes_are_recomputed (test_claim_audit.ClaimAuditManifestTests.test_repository_backed_build_hashes_are_recomputed) ... ok
test_reusing_one_raw_file_as_two_runs_is_rejected (test_claim_audit.ClaimAuditManifestTests.test_reusing_one_raw_file_as_two_runs_is_rejected) ... ok
test_source_binary_and_compile_sets_are_exact (test_claim_audit.ClaimAuditManifestTests.test_source_binary_and_compile_sets_are_exact) ... ok
test_tampered_raw_output_is_rejected (test_claim_audit.ClaimAuditManifestTests.test_tampered_raw_output_is_rejected) ... ok
test_wrong_command_arguments_are_rejected (test_claim_audit.ClaimAuditManifestTests.test_wrong_command_arguments_are_rejected) ... ok
test_canonical_claim_set_has_thirteen_arithmetically_valid_entries (test_claim_audit.ClaimAuditParserTests.test_canonical_claim_set_has_thirteen_arithmetically_valid_entries) ... ok
test_classification_failure_is_rejected_even_with_exit_zero (test_claim_audit.ClaimAuditParserTests.test_classification_failure_is_rejected_even_with_exit_zero) ... ok
test_historical_diff_is_rejected_even_with_repeated_checksum (test_claim_audit.ClaimAuditParserTests.test_historical_diff_is_rejected_even_with_repeated_checksum) ... ok
test_nonzero_exit_is_always_rejected (test_claim_audit.ClaimAuditParserTests.test_nonzero_exit_is_always_rejected) ... ok
test_positive_outputs (test_claim_audit.ClaimAuditParserTests.test_positive_outputs) ... ok
test_rabung_zero_is_rejected_despite_exit_zero (test_claim_audit.ClaimAuditParserTests.test_rabung_zero_is_rejected_despite_exit_zero) ... ok
test_schema_is_strict_at_manifest_and_run_levels (test_claim_audit.ClaimAuditParserTests.test_schema_is_strict_at_manifest_and_run_levels) ... ok
test_strict_json_rejects_duplicates_nonfinite_and_bom (test_claim_audit.ClaimAuditParserTests.test_strict_json_rejects_duplicates_nonfinite_and_bom) ... ok
test_truncated_profile_is_rejected_even_with_recomputed_text (test_claim_audit.ClaimAuditParserTests.test_truncated_profile_is_rejected_even_with_recomputed_text) ... ok
test_truncated_verify_claim_is_rejected (test_claim_audit.ClaimAuditParserTests.test_truncated_verify_claim_is_rejected) ... ok
test_witness_is_bound_to_the_prime (test_claim_audit.ClaimAuditParserTests.test_witness_is_bound_to_the_prime) ... ok
test_canonical_outputs_are_verified_byte_for_byte (test_claim_audit.ClaimAuditTableTests.test_canonical_outputs_are_verified_byte_for_byte) ... ok
test_exact_set_generates_thirteen_rows_in_all_formats (test_claim_audit.ClaimAuditTableTests.test_exact_set_generates_thirteen_rows_in_all_formats) ... ok
test_missing_claim_prevents_all_generation (test_claim_audit.ClaimAuditTableTests.test_missing_claim_prevents_all_generation) ... ok
test_tex_view_is_multipage_readable_and_binds_full_identities (test_claim_audit.ClaimAuditTableTests.test_tex_view_is_multipage_readable_and_binds_full_identities) ... ok
test_all_registered_berlekamp_specializations_are_exact (test_close_baselines.ClosureTests.test_all_registered_berlekamp_specializations_are_exact) ... ok
test_bct_nodes_use_largest_prime_not_exceeding_length (test_close_baselines.ClosureTests.test_bct_nodes_use_largest_prime_not_exceeding_length) ... ok
test_berlekamp_specialization_and_length_monotonicity (test_close_baselines.ClosureTests.test_berlekamp_specialization_and_length_monotonicity) ... ok
test_closure_rejects_a_different_cyclic_modulus (test_close_baselines.ClosureTests.test_closure_rejects_a_different_cyclic_modulus) ... ok
test_closure_rejects_threshold_only_ring_input (test_close_baselines.ClosureTests.test_closure_rejects_threshold_only_ring_input) ... ok
test_corrected_three_color_bounds (test_close_baselines.ClosureTests.test_corrected_three_color_bounds) ... ok
test_direct_claim_arithmetic (test_close_baselines.ClosureTests.test_direct_claim_arithmetic) ... ok
test_least_prime_factor (test_close_baselines.ClosureTests.test_least_prime_factor) ... ok
test_liang_rows_keep_original_priority_provenance (test_close_baselines.ClosureTests.test_liang_rows_keep_original_priority_provenance) ... ok
test_pre_range_berlekamp_bound_is_not_truncated (test_close_baselines.ClosureTests.test_pre_range_berlekamp_bound_is_not_truncated) ... ok
test_prewindow_three_color_priority_seeds_are_exact_and_dominated (test_close_baselines.ClosureTests.test_prewindow_three_color_priority_seeds_are_exact_and_dominated) ... ok
test_registered_cfs_specializations_are_exact_and_dominated (test_close_baselines.ClosureTests.test_registered_cfs_specializations_are_exact_and_dominated) ... ok
test_registered_gasarch_haeupler_family_is_exact_and_dominated (test_close_baselines.ClosureTests.test_registered_gasarch_haeupler_family_is_exact_and_dominated) ... ok
test_registered_ring_witnesses_meet_xu_precondition (test_close_baselines.ClosureTests.test_registered_ring_witnesses_meet_xu_precondition) ... ok
test_unverified_landman_statement_is_not_a_seed (test_close_baselines.ClosureTests.test_unverified_landman_statement_is_not_a_seed) ... ok
test_winning_method_switches_are_explicit (test_close_baselines.ClosureTests.test_winning_method_switches_are_explicit) ... ok
test_xu_nodes_store_the_strict_product (test_close_baselines.ClosureTests.test_xu_nodes_store_the_strict_product) ... ok
test_xu_published_w4_7_example_has_no_off_by_one (test_close_baselines.ClosureTests.test_xu_published_w4_7_example_has_no_off_by_one) ... ok
test_xu_t_one_specializations_are_included_and_dominated (test_close_baselines.ClosureTests.test_xu_t_one_specializations_are_included_and_dominated) ... ok
test_block_scales_include_last_partial_block (test_density_holdout_audit.DensityHoldoutAuditTests.test_block_scales_include_last_partial_block) ... ok
test_fixed_model_diagnostics (test_density_holdout_audit.DensityHoldoutAuditTests.test_fixed_model_diagnostics) ... ok
test_full_boundary_increment_means (test_density_holdout_audit.DensityHoldoutAuditTests.test_full_boundary_increment_means) ... ok
test_generated_artifacts_are_current (test_density_holdout_audit.DensityHoldoutAuditTests.test_generated_artifacts_are_current) ... ok
test_moving_block_bootstrap_is_seeded_and_reproducible (test_density_holdout_audit.DensityHoldoutAuditTests.test_moving_block_bootstrap_is_seeded_and_reproducible) ... ok
test_nb2_boundary_is_not_an_optimizer_epsilon (test_density_holdout_audit.DensityHoldoutAuditTests.test_nb2_boundary_is_not_an_optimizer_epsilon) ... ok
test_operational_and_theoretical_lambda_sensitivity_is_recorded (test_density_holdout_audit.DensityHoldoutAuditTests.test_operational_and_theoretical_lambda_sensitivity_is_recorded) ... ok
test_simpson_panel_convergence_at_increment_boundaries (test_density_holdout_audit.DensityHoldoutAuditTests.test_simpson_panel_convergence_at_increment_boundaries) ... ok
test_training_holdout_and_disjoint_counts (test_density_holdout_audit.DensityHoldoutAuditTests.test_training_holdout_and_disjoint_counts) ... ok
test_versioned_event_identity_and_validation (test_density_holdout_audit.DensityHoldoutAuditTests.test_versioned_event_identity_and_validation) ... ok
test_check_rejects_duplicate_nonfinite_noncanonical_and_tampered_receipts (test_deposit_receipt.DepositReceiptTest.test_check_rejects_duplicate_nonfinite_noncanonical_and_tampered_receipts) ... ok
test_create_and_check_bind_both_layers_and_optional_final_record (test_deposit_receipt.DepositReceiptTest.test_create_and_check_bind_both_layers_and_optional_final_record) ... ok
test_cross_field_metadata_and_chronology_fail_closed (test_deposit_receipt.DepositReceiptTest.test_cross_field_metadata_and_chronology_fail_closed) ... ok
test_mismatched_copy_fails_without_creating_any_output (test_deposit_receipt.DepositReceiptTest.test_mismatched_copy_fails_without_creating_any_output) ... ok
test_output_is_no_clobber_and_atomic_publication_failure_cleans_temp (test_deposit_receipt.DepositReceiptTest.test_output_is_no_clobber_and_atomic_publication_failure_cleans_temp) ... ok
test_paths_must_be_absolute_distinct_regular_unsymlinked_and_external (test_deposit_receipt.DepositReceiptTest.test_paths_must_be_absolute_distinct_regular_unsymlinked_and_external) ... ok
test_attestation_is_bound_to_operator_and_candidate_commit (test_external_replication.ExternalReplicationTest.test_attestation_is_bound_to_operator_and_candidate_commit) ... ok
test_cli_verify_returns_nonzero_for_structurally_valid_nonaccepting_capture (test_external_replication.ExternalReplicationTest.test_cli_verify_returns_nonzero_for_structurally_valid_nonaccepting_capture) ... ok
test_dirty_candidate_is_rejected_before_output_creation (test_external_replication.ExternalReplicationTest.test_dirty_candidate_is_rejected_before_output_creation) ... ok
test_forged_accept_verdict_is_rejected_even_with_rehashed_package (test_external_replication.ExternalReplicationTest.test_forged_accept_verdict_is_rejected_even_with_rehashed_package) ... ok
test_hash_tampering_is_rejected (test_external_replication.ExternalReplicationTest.test_hash_tampering_is_rejected) ... ok
test_high_prime_boundary_index_is_llp64_safe (test_external_replication.ExternalReplicationTest.test_high_prime_boundary_index_is_llp64_safe) ... ok
test_ledger_fragment_has_only_contract_fields_and_relative_paths (test_external_replication.ExternalReplicationTest.test_ledger_fragment_has_only_contract_fields_and_relative_paths) ... ok
test_manifest_row_and_environment_schemas_are_closed (test_external_replication.ExternalReplicationTest.test_manifest_row_and_environment_schemas_are_closed) ... ok
test_negative_stderr_cannot_remain_accepting (test_external_replication.ExternalReplicationTest.test_negative_stderr_cannot_remain_accepting) ... ok
test_rehashed_extra_file_is_rejected (test_external_replication.ExternalReplicationTest.test_rehashed_extra_file_is_rejected) ... ok
test_run_executes_one_assigned_claim_and_received_package_verifies (test_external_replication.ExternalReplicationTest.test_run_executes_one_assigned_claim_and_received_package_verifies) ... ok
test_validate_set_rejects_duplicate_operator_ids (test_external_replication.ExternalReplicationTest.test_validate_set_rejects_duplicate_operator_ids) ... ok
test_validate_set_requires_all_claims_and_four_distinct_operators (test_external_replication.ExternalReplicationTest.test_validate_set_requires_all_claims_and_four_distinct_operators) ... ok
test_committed_list_is_reproducible (test_filter_bstar.BStarFilterTest.test_committed_list_is_reproducible) ... ok
test_filter_matches_all_committed_rows (test_filter_bstar.BStarFilterTest.test_filter_matches_all_committed_rows) ... ok
test_parser_rejects_composite_and_duplicate (test_filter_bstar.BStarFilterTest.test_parser_rejects_composite_and_duplicate) ... ok
test_singleton_boundary_case_is_rejected (test_filter_bstar.BStarFilterTest.test_singleton_boundary_case_is_rejected) ... ok
test_build_script_uses_only_the_tracked_epoch_policy (test_freeze_release.ReleaseFreezeTest.test_build_script_uses_only_the_tracked_epoch_policy) ... ok
test_cff_and_zenodo_authors_type_and_keywords_are_coherent (test_freeze_release.ReleaseFreezeTest.test_cff_and_zenodo_authors_type_and_keywords_are_coherent) ... ok
test_complete_freeze_binds_inventory_pdf_metadata_and_tag (test_freeze_release.ReleaseFreezeTest.test_complete_freeze_binds_inventory_pdf_metadata_and_tag) ... ok
test_create_and_check_reject_manuscript_staging_markers (test_freeze_release.ReleaseFreezeTest.test_create_and_check_reject_manuscript_staging_markers) ... ok
test_epoch_is_exact_midnight_utc_and_tag_is_version_derived (test_freeze_release.ReleaseFreezeTest.test_epoch_is_exact_midnight_utc_and_tag_is_version_derived) ... ok
test_every_rights_and_tex_input_must_be_tracked (test_freeze_release.ReleaseFreezeTest.test_every_rights_and_tex_input_must_be_tracked) ... ok
test_manifest_rejects_hash_tampering_and_new_tracked_path (test_freeze_release.ReleaseFreezeTest.test_manifest_rejects_hash_tampering_and_new_tracked_path) ... ok
test_metadata_mismatches_fail_closed (test_freeze_release.ReleaseFreezeTest.test_metadata_mismatches_fail_closed) ... ok
test_pdf_rebuild_must_match_frozen_bytes (test_freeze_release.ReleaseFreezeTest.test_pdf_rebuild_must_match_frozen_bytes) ... ok
test_rights_map_is_component_specific_and_fail_closed (test_freeze_release.ReleaseFreezeTest.test_rights_map_is_component_specific_and_fail_closed) ... ok
test_status_must_be_complete_release_final (test_freeze_release.ReleaseFreezeTest.test_status_must_be_complete_release_final) ... ok
test_structural_check_can_skip_only_the_pdf_rebuild (test_freeze_release.ReleaseFreezeTest.test_structural_check_can_skip_only_the_pdf_rebuild) ... ok
test_all_historical_sources_match_exact_blobs (test_historical_sources.HistoricalSourceTest.test_all_historical_sources_match_exact_blobs) ... ok
test_git_blob_hash_includes_header (test_historical_sources.HistoricalSourceTest.test_git_blob_hash_includes_header) ... ok
test_bounds_table_is_generated_not_retyped (test_manuscript_claims.ManuscriptClaimRegressionTest.test_bounds_table_is_generated_not_retyped) ... ok
test_capture_time_claim_credit_remains_bound_to_the_manifests (test_manuscript_claims.ManuscriptClaimRegressionTest.test_capture_time_claim_credit_remains_bound_to_the_manifests) ... ok
test_corrected_recurrence_bounds_are_present (test_manuscript_claims.ManuscriptClaimRegressionTest.test_corrected_recurrence_bounds_are_present) ... ok
test_current_narrative_has_no_stale_capture_status (test_manuscript_claims.ManuscriptClaimRegressionTest.test_current_narrative_has_no_stale_capture_status) ... ok
test_discovery_proof_and_ai_boundaries_are_explicit (test_manuscript_claims.ManuscriptClaimRegressionTest.test_discovery_proof_and_ai_boundaries_are_explicit) ... ok
test_false_priority_phrases_are_absent (test_manuscript_claims.ManuscriptClaimRegressionTest.test_false_priority_phrases_are_absent) ... ok
test_narrative_contract_and_section_order (test_manuscript_claims.ManuscriptClaimRegressionTest.test_narrative_contract_and_section_order) ... ok
test_priority_audit_language_is_conservative (test_manuscript_claims.ManuscriptClaimRegressionTest.test_priority_audit_language_is_conservative) ... ok
test_validated_claim_table_is_optional_and_copied_by_builder (test_manuscript_claims.ManuscriptClaimRegressionTest.test_validated_claim_table_is_optional_and_copied_by_builder) ... ok
test_absolute_or_ambiguous_recorded_paths_are_rejected (test_prime_identity_audit.PrimeIdentityAuditTest.test_absolute_or_ambiguous_recorded_paths_are_rejected) ... ok
test_campaign_range_mismatch_fails_before_binary_installation (test_prime_identity_audit.PrimeIdentityAuditTest.test_campaign_range_mismatch_fails_before_binary_installation) ... ok
test_canonical_small_stream (test_prime_identity_audit.PrimeIdentityAuditTest.test_canonical_small_stream) ... ok
test_cli_output_and_check_are_deterministic (test_prime_identity_audit.PrimeIdentityAuditTest.test_cli_output_and_check_are_deterministic) ... ok
test_default_campaign_geometry_has_exactly_515_chunks (test_prime_identity_audit.PrimeIdentityAuditTest.test_default_campaign_geometry_has_exactly_515_chunks) ... ok
test_mismatch_fails_closed (test_prime_identity_audit.PrimeIdentityAuditTest.test_mismatch_fails_closed) ... ok
test_real_four_field_campaign_interval_feeds_narrow_prime_interval (test_prime_identity_audit.PrimeIdentityAuditTest.test_real_four_field_campaign_interval_feeds_narrow_prime_interval) ... ok
test_same_binary_is_rejected_as_non_independent (test_prime_identity_audit.PrimeIdentityAuditTest.test_same_binary_is_rejected_as_non_independent) ... ok
test_stderr_fails_closed_even_with_zero_exit (test_prime_identity_audit.PrimeIdentityAuditTest.test_stderr_fails_closed_even_with_zero_exit) ... ok
test_v2_manifest_is_accepted_by_hardened_contract_on_small_fixture (test_prime_identity_audit.PrimeIdentityAuditTest.test_v2_manifest_is_accepted_by_hardened_contract_on_small_fixture) ... ok
test_dispatch_precedes_cuda_initialization (test_prime_stream.PrimeStreamTests.test_dispatch_precedes_cuda_initialization) ... ok
test_half_open_interval_with_prime_upper_bound (test_prime_stream.PrimeStreamTests.test_half_open_interval_with_prime_upper_bound) ... ok
test_internal_sieve_excludes_two (test_prime_stream.PrimeStreamTests.test_internal_sieve_excludes_two) ... ok
test_sample_rejects_interval_without_odd_prime (test_prime_stream.PrimeStreamTests.test_sample_rejects_interval_without_odd_prime) ... ok
test_sample_rejects_nonpositive_size (test_prime_stream.PrimeStreamTests.test_sample_rejects_nonpositive_size) ... ok
test_bibliography_audit_is_bound_to_tex_and_bibtex (test_publication_contract.PublicationContractTest.test_bibliography_audit_is_bound_to_tex_and_bibtex) ... ok
test_campaign_manifest_rehashes_515_exact_contiguous_chunks (test_publication_contract.PublicationContractTest.test_campaign_manifest_rehashes_515_exact_contiguous_chunks) ... ok
test_campaign_schema_and_artifact_paths_are_closed (test_publication_contract.PublicationContractTest.test_campaign_schema_and_artifact_paths_are_closed) ... ok
test_cuda_manifest_rehashes_every_output_and_binds_commit_sources (test_publication_contract.PublicationContractTest.test_cuda_manifest_rehashes_every_output_and_binds_commit_sources) ... ok
test_cuda_manifest_rejects_extra_schema_fields_and_unsigned_logs (test_publication_contract.PublicationContractTest.test_cuda_manifest_rejects_extra_schema_fields_and_unsigned_logs) ... ok
test_current_repository_is_an_honest_staging_package (test_publication_contract.PublicationContractTest.test_current_repository_is_an_honest_staging_package) ... ok
test_duplicate_json_keys_fail_closed (test_publication_contract.PublicationContractTest.test_duplicate_json_keys_fail_closed) ... ok
test_external_replication_requires_four_stable_distinct_operator_ids (test_publication_contract.PublicationContractTest.test_external_replication_requires_four_stable_distinct_operator_ids) ... ok
test_forbidden_export_path_is_a_structural_error (test_publication_contract.PublicationContractTest.test_forbidden_export_path_is_a_structural_error) ... ok
test_gate_marked_passed_without_evidence_is_rejected (test_publication_contract.PublicationContractTest.test_gate_marked_passed_without_evidence_is_rejected) ... ok
test_passed_doi_gate_calls_authoritative_structural_freeze (test_publication_contract.PublicationContractTest.test_passed_doi_gate_calls_authoritative_structural_freeze) ... ok
test_prime_identity_binds_campaign_two_binaries_sources_and_byte_streams (test_publication_contract.PublicationContractTest.test_prime_identity_binds_campaign_two_binaries_sources_and_byte_streams) ... ok
test_prime_identity_rejects_legacy_or_open_schema (test_publication_contract.PublicationContractTest.test_prime_identity_rejects_legacy_or_open_schema) ... ok
test_scope_allowlist_rejects_innocent_new_and_stale_paths (test_publication_contract.PublicationContractTest.test_scope_allowlist_rejects_innocent_new_and_stale_paths) ... ok
test_source_import_classification_controls_nested_source_identity (test_publication_contract.PublicationContractTest.test_source_import_classification_controls_nested_source_identity) ... ok
test_source_import_rehashes_imported_derived_and_new_targets (test_publication_contract.PublicationContractTest.test_source_import_rehashes_imported_derived_and_new_targets) ... ok
test_staging_and_report_accept_incompleteness_but_release_fails (test_publication_contract.PublicationContractTest.test_staging_and_report_accept_incompleteness_but_release_fails) ... ok
test_raw_output_matches_recorded_counts (test_rabung_sweep_evidence.RabungSweepEvidenceTests.test_raw_output_matches_recorded_counts) ... ok
test_record_is_honest_and_self_consistent (test_rabung_sweep_evidence.RabungSweepEvidenceTests.test_record_is_honest_and_self_consistent) ... ok
test_build_is_byte_deterministic_and_metadata_is_canonical (test_release_archive.ReleaseArchiveTest.test_build_is_byte_deterministic_and_metadata_is_canonical) ... ok
test_check_requires_byte_identity_and_regular_archive (test_release_archive.ReleaseArchiveTest.test_check_requires_byte_identity_and_regular_archive) ... ok
test_dirty_tracked_untracked_and_staged_states_are_rejected (test_release_archive.ReleaseArchiveTest.test_dirty_tracked_untracked_and_staged_states_are_rejected) ... ok
test_epoch_is_strict_and_archive_must_remain_outside_repo (test_release_archive.ReleaseArchiveTest.test_epoch_is_strict_and_archive_must_remain_outside_repo) ... ok
test_manifest_hash_and_inventory_must_be_exact (test_release_archive.ReleaseArchiveTest.test_manifest_hash_and_inventory_must_be_exact) ... ok
test_tracked_symbolic_link_is_rejected (test_release_archive.ReleaseArchiveTest.test_tracked_symbolic_link_is_rejected) ... ok
test_histo_target_disagreement_is_rejected (test_rescan17_audit.Rescan17AuditTest.test_histo_target_disagreement_is_rejected) ... ok
test_missing_target_is_rejected (test_rescan17_audit.Rescan17AuditTest.test_missing_target_is_rejected) ... ok
test_preserved_transcript_passes (test_rescan17_audit.Rescan17AuditTest.test_preserved_transcript_passes) ... ok
test_truncation_is_rejected (test_rescan17_audit.Rescan17AuditTest.test_truncation_is_rejected) ... ok
test_unknown_or_duplicate_line_is_rejected (test_rescan17_audit.Rescan17AuditTest.test_unknown_or_duplicate_line_is_rejected) ... ok
test_exact_partition_and_counts (test_scanner_revisions.ScannerRevisionRegistryTest.test_exact_partition_and_counts) ... ok
test_final_fingerprint_has_437_chunks (test_scanner_revisions.ScannerRevisionRegistryTest.test_final_fingerprint_has_437_chunks) ... ok
test_bootstrap_pin_and_source_identity_are_never_inferred (test_source_import.SourceImportTest.test_bootstrap_pin_and_source_identity_are_never_inferred) ... ok
test_build_classifies_and_check_revalidates_every_file (test_source_import.SourceImportTest.test_build_classifies_and_check_revalidates_every_file) ... ok
test_check_rejects_source_substitution_and_noncanonical_json (test_source_import.SourceImportTest.test_check_rejects_source_substitution_and_noncanonical_json) ... ok
test_git_blob_identity_uses_the_git_header (test_source_import.SourceImportTest.test_git_blob_identity_uses_the_git_header) ... ok
test_release_checksum_manifest_is_the_only_fixed_file_exclusion (test_source_import.SourceImportTest.test_release_checksum_manifest_is_the_only_fixed_file_exclusion) ... ok
test_stale_allowlist_decision_is_rejected (test_source_import.SourceImportTest.test_stale_allowlist_decision_is_rejected) ... ok
test_target_tampering_and_unapproved_innocent_file_are_rejected (test_source_import.SourceImportTest.test_target_tampering_and_unapproved_innocent_file_are_rejected) ... ok
test_bom_surrogate_and_large_integer_are_rejected (test_strict_json_check.StrictJSONTest.test_bom_surrogate_and_large_integer_are_rejected) ... ok
test_duplicate_and_nonfinite_values_are_rejected (test_strict_json_check.StrictJSONTest.test_duplicate_and_nonfinite_values_are_rejected) ... ok
test_exact_mathematical_integer_can_be_opted_in (test_strict_json_check.StrictJSONTest.test_exact_mathematical_integer_can_be_opted_in) ... ok
test_normal_json_is_accepted (test_strict_json_check.StrictJSONTest.test_normal_json_is_accepted) ... ok
test_failed_suite_preserves_diagnostics_but_not_manifest (test_validate_cuda.ValidateCudaTest.test_failed_suite_preserves_diagnostics_but_not_manifest) ... ok
test_no_gpu_preflight_leaves_no_evidence_directory (test_validate_cuda.ValidateCudaTest.test_no_gpu_preflight_leaves_no_evidence_directory) ... ok
test_success_creates_contract_manifest_with_relative_paths (test_validate_cuda.ValidateCudaTest.test_success_creates_contract_manifest_with_relative_paths) ... ok
test_record_is_byte_bound_and_does_not_close_release_gates (test_verify_claim_staging_evidence.VerifyClaimStagingEvidenceTest.test_record_is_byte_bound_and_does_not_close_release_gates) ... ok
test_source_and_acceptance_are_reproducibly_identified (test_verify_claim_staging_evidence.VerifyClaimStagingEvidenceTest.test_source_and_acceptance_are_reproducibly_identified) ... ok

----------------------------------------------------------------------
Ran 230 tests in 12.303s

OK
[cpu] native builds
[cpu] reference-oracle
[cpu] separate-source-verifier
[cpu] rabung-criterion
[cpu] ordered-reduction
[cpu] high-range-witness-smoke
[cpu] separate-source prime-stream smoke test
[cpu] staging publication contract
BLOCKER [gate.cpu-ci-clean-tag] cpu-ci-clean-tag: open; The exact-modulus and exposition revision requires a fresh clean light replay. Earlier evidence is retained as historical; it is not relabelled for this candidate.
BLOCKER [gate.doi-tag-archive-freeze] doi-tag-archive-freeze: open; At the final transition, after the other gates pass and the DOI metadata is final, stage the release-form STATUS (archived_release, citable_release true, all gates passed). For this gate, passed means that the metadata and staged payload are ready for the inner-freeze transaction; it does not attest a published tag, an uploaded archive, or an out-of-repository deposit receipt. Run freeze_release.py create; only if it succeeds, stage MANIFEST.sha256, commit, and create the local tag. A create failure must not be committed or published. The post-tag deposit comparison and receipt remain outside the repository and are not embedded evidence for this gate.
BLOCKER [gate.paper-clean-build] paper-clean-build: open; The exact-modulus and exposition revision requires a fresh clean light replay. Earlier evidence is retained as historical; it is not relabelled for this candidate.
BLOCKER [release.archive_metadata_missing] final release/zenodo-metadata.json is absent
BLOCKER [release.citation_incomplete] CITATION.cff still lacks release fields: version, date-released, doi
BLOCKER [release.manifest_missing] MANIFEST.sha256 has not been frozen
BLOCKER [release.not_citable] citable_release is not true
BLOCKER [release.placeholders] unresolved archival placeholders: @@PAPER_IDENTIFIER@@, @@PAPER_IDENTIFIER_SCHEME@@, @@RELEASE_DATE@@, @@TAG@@, @@VERSION@@
BLOCKER [release.repository_state] repository_state is 'private_preparation', not 'archived_release'
PUBLICATION_CONTRACT_STAGING_PASS: structurally valid; 9 publication blocker(s)
CPU_CHECKS_OK
