[scan_gpu] NVIDIA GeForce RTX 5090 sm_120, 33.7 Go
# SCAN [1000,5000] : 501 premiers
TARGET r=2 k=25 A_count=501 A_max_p=4999 A_bound=119977 AB_count=499 AB_max_p=4999 AB_bound=119977 Bstar_reject=2
TARGET r=3 k=17 A_count=250 A_max_p=4999 A_bound=79985 AB_count=250 AB_max_p=4999 AB_bound=79985 Bstar_reject=0
TARGET r=3 k=18 A_count=250 A_max_p=4999 A_bound=84984 AB_count=250 AB_max_p=4999 AB_bound=84984 Bstar_reject=0
TARGET r=3 k=19 A_count=250 A_max_p=4999 A_bound=89983 AB_count=250 AB_max_p=4999 AB_bound=89983 Bstar_reject=0
TARGET r=3 k=20 A_count=250 A_max_p=4999 A_bound=94982 AB_count=250 AB_max_p=4999 AB_bound=94982 Bstar_reject=0
TARGET r=3 k=21 A_count=250 A_max_p=4999 A_bound=99981 AB_count=250 AB_max_p=4999 AB_bound=99981 Bstar_reject=0
TARGET r=3 k=22 A_count=250 A_max_p=4999 A_bound=104980 AB_count=250 AB_max_p=4999 AB_bound=104980 Bstar_reject=0
TARGET r=3 k=23 A_count=250 A_max_p=4999 A_bound=109979 AB_count=250 AB_max_p=4999 AB_bound=109979 Bstar_reject=0
TARGET r=3 k=24 A_count=250 A_max_p=4999 A_bound=114978 AB_count=250 AB_max_p=4999 AB_bound=114978 Bstar_reject=0
TARGET r=3 k=25 A_count=250 A_max_p=4999 A_bound=119977 AB_count=250 AB_max_p=4999 AB_bound=119977 Bstar_reject=0
TARGET r=2 k=26 A_count=501 A_max_p=4999 A_bound=124976 AB_count=501 AB_max_p=4999 AB_bound=124976 Bstar_reject=0
TARGET r=2 k=27 A_count=501 A_max_p=4999 A_bound=129975 AB_count=501 AB_max_p=4999 AB_bound=129975 Bstar_reject=0
TARGET r=2 k=28 A_count=501 A_max_p=4999 A_bound=134974 AB_count=501 AB_max_p=4999 AB_bound=134974 Bstar_reject=0
CHECKSUM_A 94120073670509639
CHECKSUM_AB 17427482512558114165
CANDIDATS_A r=2 k=25 : 1009 1013 1019 1021 1031 1033 1039 1049 1051 1061 1063 1069 1087 1091 1093 1097 1103 1109 1117 1123 1129 1151 1153 1163 1171 1181 1187 1193 1201 1213 1217 1223 1229 1231 1237 1249 1259 1277 1279 1283 1289 1291 1297 1301 1303 1307 1319 1321 1327 1361 1367 1373 1381 1399 1409 1423 1427 1429 1433 1439 1447 1451 1453 1459 1471 1481 1483 1487 1489 1493 1499 1511 1523 1531 1543 1549 1553 1559 1567 1571 1579 1583 1597 1601 1607 1609 1613 1619 1621 1627 1637 1657 1663 1667 1669 1693 1697 1699 1709 1721 1723 1733 1741 1747 1753 1759 1777 1783 1787 1789 1801 1811 1823 1831 1847 1861 1867 1871 1873 1877 1879 1889 1901 1907 1913 1931 1933 1949 1951 1973 1979 1987 1993 1997 1999 2003 2011 2017 2027 2029 2039 2053 2063 2069 2081 2083 2087 2089 2099 2111 2113 2129 2131 2137 2141 2143 2153 2161 2179 2203 2207 2213 2221 2237 2239 2243 2251 2267 2269 2273 2281 2287 2293 2297 2309 2311 2333 2339 2341 2347 2351 2357 2371 2377 2381 2383 2389 2393 2399 2411 2417 2423 2437 2441 2447 2459 2467 2473 2477 2503 2521 2531 2539 2543 2549 2551 2557 2579 2591 2593 2609 2617 2621 2633 2647 2657 2659 2663 2671 2677 2683 2687 2689 2693 2699 2707 2711 2713 2719 2729 2731 2741 2749 2753 2767 2777 2789 2791 2797 2801 2803 2819 2833 2837 2843 2851 2857 2861 2879 2887 2897 2903 2909 2917 2927 2939 2953 2957 2963 2969 2971 2999 3001 3011 3019 3023 3037 3041 3049 3061 3067 3079 3083 3089 3109 3119 3121 3137 3163 3167 3169 3181 3187 3191 3203 3209 3217 3221 3229 3251 3253 3257 3259 3271 3299 3301 3307 3313 3319 3323 3329 3331 3343 3347 3359 3361 3371 3373 3389 3391 3407 3413 3433 3449 3457 3461 3463 3467 3469 3491 3499 3511 3517 3527 3529 3533 3539 3541 3547 3557 3559 3571 3581 3583 3593 3607 3613 3617 3623 3631 3637 3643 3659 3671 3673 3677 3691 3697 3701 3709 3719 3727 3733 3739 3761 3767 3769 3779 3793 3797 3803 3821 3823 3833 3847 3851 3853 3863 3877 3881 3889 3907 3911 3917 3919 3923 3929 3931 3943 3947 3967 3989 4001 4003 4007 4013 4019 4021 4027 4049 4051 4057 4073 4079 4091 4093 4099 4111 4127 4129 4133 4139 4153 4157 4159 4177 4201 4211 4217 4219 4229 4231 4241 4243 4253 4259 4261 4271 4273 4283 4289 4297 4327 4337 4339 4349 4357 4363 4373 4391 4397 4409 4421 4423 4441 4447 4451 4457 4463 4481 4483 4493 4507 4513 4517 4519 4523 4547 4549 4561 4567 4583 4591 4597 4603 4621 4637 4639 4643 4649 4651 4657 4663 4673 4679 4691 4703 4721 4723 4729 4733 4751 4759 4783 4787 4789 4793 4799 4801 4813 4817 4831 4861 4871 4877 4889 4903 4909 4919 4931 4933 4937 4943 4951 4957 4967 4969 4973 4987 4993 4999
CANDIDATS_AB r=2 k=25 : 1009 1013 1019 1021 1031 1033 1039 1049 1051 1061 1063 1069 1087 1091 1093 1097 1103 1109 1117 1123 1129 1151 1153 1163 1171 1181 1187 1193 1201 1213 1217 1223 1229 1231 1237 1249 1259 1277 1279 1283 1289 1291 1297 1301 1303 1307 1319 1321 1327 1361 1367 1373 1381 1399 1409 1423 1427 1429 1433 1439 1447 1451 1453 1459 1471 1481 1483 1487 1489 1493 1499 1511 1523 1531 1543 1549 1553 1559 1567 1571 1579 1583 1597 1601 1607 1609 1613 1619 1621 1627 1637 1657 1663 1667 1669 1693 1697 1699 1709 1721 1723 1733 1741 1747 1753 1759 1777 1783 1787 1789 1801 1811 1823 1831 1847 1861 1867 1871 1873 1877 1879 1889 1901 1907 1913 1931 1933 1949 1951 1973 1979 1987 1993 1997 1999 2003 2011 2017 2027 2029 2039 2053 2063 2069 2081 2083 2087 2089 2099 2111 2113 2129 2131 2137 2141 2143 2153 2161 2179 2203 2207 2213 2221 2237 2239 2243 2251 2267 2269 2273 2281 2287 2293 2297 2309 2311 2333 2339 2341 2347 2351 2357 2371 2377 2381 2383 2389 2393 2399 2411 2417 2423 2437 2441 2447 2459 2467 2473 2477 2503 2521 2531 2539 2543 2549 2551 2557 2579 2591 2593 2609 2617 2621 2633 2647 2657 2659 2663 2671 2677 2683 2687 2693 2699 2707 2711 2713 2719 2729 2731 2741 2749 2753 2767 2777 2789 2791 2797 2801 2803 2819 2833 2837 2843 2851 2857 2861 2879 2887 2897 2903 2909 2917 2927 2939 2953 2957 2963 2969 2971 2999 3001 3011 3019 3023 3037 3041 3049 3061 3067 3079 3083 3089 3109 3119 3121 3137 3163 3167 3169 3181 3187 3191 3203 3209 3217 3221 3229 3251 3253 3257 3259 3271 3299 3301 3307 3313 3319 3323 3329 3331 3343 3347 3359 3361 3371 3373 3389 3391 3407 3413 3433 3449 3457 3461 3463 3467 3469 3491 3499 3511 3517 3527 3533 3539 3541 3547 3557 3559 3571 3581 3583 3593 3607 3613 3617 3623 3631 3637 3643 3659 3671 3673 3677 3691 3697 3701 3709 3719 3727 3733 3739 3761 3767 3769 3779 3793 3797 3803 3821 3823 3833 3847 3851 3853 3863 3877 3881 3889 3907 3911 3917 3919 3923 3929 3931 3943 3947 3967 3989 4001 4003 4007 4013 4019 4021 4027 4049 4051 4057 4073 4079 4091 4093 4099 4111 4127 4129 4133 4139 4153 4157 4159 4177 4201 4211 4217 4219 4229 4231 4241 4243 4253 4259 4261 4271 4273 4283 4289 4297 4327 4337 4339 4349 4357 4363 4373 4391 4397 4409 4421 4423 4441 4447 4451 4457 4463 4481 4483 4493 4507 4513 4517 4519 4523 4547 4549 4561 4567 4583 4591 4597 4603 4621 4637 4639 4643 4649 4651 4657 4663 4673 4679 4691 4703 4721 4723 4729 4733 4751 4759 4783 4787 4789 4793 4799 4801 4813 4817 4831 4861 4871 4877 4889 4903 4909 4919 4931 4933 4937 4943 4951 4957 4967 4969 4973 4987 4993 4999
CANDIDATS_A r=3 k=17 : 1009 1021 1033 1039 1051 1063 1069 1087 1093 1117 1123 1129 1153 1171 1201 1213 1231 1237 1249 1279 1291 1297 1303 1321 1327 1381 1399 1423 1429 1447 1453 1459 1471 1483 1489 1531 1543 1549 1567 1579 1597 1609 1621 1627 1657 1663 1669 1693 1699 1723 1741 1747 1753 1759 1777 1783 1789 1801 1831 1861 1867 1873 1879 1933 1951 1987 1993 1999 2011 2017 2029 2053 2083 2089 2113 2131 2137 2143 2161 2179 2203 2221 2239 2251 2269 2281 2287 2293 2311 2341 2347 2371 2377 2383 2389 2437 2467 2473 2503 2521 2539 2551 2557 2593 2617 2647 2659 2671 2677 2683 2689 2707 2713 2719 2731 2749 2767 2791 2797 2803 2833 2851 2857 2887 2917 2953 2971 3001 3019 3037 3049 3061 3067 3079 3109 3121 3163 3169 3181 3187 3217 3229 3253 3259 3271 3301 3307 3313 3319 3331 3343 3361 3373 3391 3433 3457 3463 3469 3499 3511 3517 3529 3541 3547 3559 3571 3583 3607 3613 3631 3637 3643 3673 3691 3697 3709 3727 3733 3739 3769 3793 3823 3847 3853 3877 3889 3907 3919 3931 3943 3967 4003 4021 4027 4051 4057 4093 4099 4111 4129 4153 4159 4177 4201 4219 4231 4243 4261 4273 4297 4327 4339 4357 4363 4423 4441 4447 4483 4507 4513 4519 4549 4561 4567 4591 4597 4603 4621 4639 4651 4657 4663 4723 4729 4759 4783 4789 4801 4813 4831 4861 4903 4909 4933 4951 4957 4969 4987 4993 4999
CANDIDATS_AB r=3 k=17 : 1009 1021 1033 1039 1051 1063 1069 1087 1093 1117 1123 1129 1153 1171 1201 1213 1231 1237 1249 1279 1291 1297 1303 1321 1327 1381 1399 1423 1429 1447 1453 1459 1471 1483 1489 1531 1543 1549 1567 1579 1597 1609 1621 1627 1657 1663 1669 1693 1699 1723 1741 1747 1753 1759 1777 1783 1789 1801 1831 1861 1867 1873 1879 1933 1951 1987 1993 1999 2011 2017 2029 2053 2083 2089 2113 2131 2137 2143 2161 2179 2203 2221 2239 2251 2269 2281 2287 2293 2311 2341 2347 2371 2377 2383 2389 2437 2467 2473 2503 2521 2539 2551 2557 2593 2617 2647 2659 2671 2677 2683 2689 2707 2713 2719 2731 2749 2767 2791 2797 2803 2833 2851 2857 2887 2917 2953 2971 3001 3019 3037 3049 3061 3067 3079 3109 3121 3163 3169 3181 3187 3217 3229 3253 3259 3271 3301 3307 3313 3319 3331 3343 3361 3373 3391 3433 3457 3463 3469 3499 3511 3517 3529 3541 3547 3559 3571 3583 3607 3613 3631 3637 3643 3673 3691 3697 3709 3727 3733 3739 3769 3793 3823 3847 3853 3877 3889 3907 3919 3931 3943 3967 4003 4021 4027 4051 4057 4093 4099 4111 4129 4153 4159 4177 4201 4219 4231 4243 4261 4273 4297 4327 4339 4357 4363 4423 4441 4447 4483 4507 4513 4519 4549 4561 4567 4591 4597 4603 4621 4639 4651 4657 4663 4723 4729 4759 4783 4789 4801 4813 4831 4861 4903 4909 4933 4951 4957 4969 4987 4993 4999
COLQ r=2 k=25 cnt_AB=499 : 250 246 246 250 251 248
COLQ r=3 k=17 cnt_AB=250 : 81 77 77 81 82 88
COLQ r=3 k=18 cnt_AB=250 : 81 77 77 81 82 88
COLQ r=3 k=19 cnt_AB=250 : 81 77 77 81 82 88
COLQ r=3 k=20 cnt_AB=250 : 81 77 77 81 82 88
COLQ r=3 k=21 cnt_AB=250 : 81 77 77 81 82 88
COLQ r=3 k=22 cnt_AB=250 : 81 77 77 81 82 88
COLQ r=3 k=23 cnt_AB=250 : 81 77 77 81 82 88
COLQ r=3 k=24 cnt_AB=250 : 81 77 77 81 82 88
COLQ r=3 k=25 cnt_AB=250 : 81 77 77 81 82 88
COLQ r=2 k=26 cnt_AB=501 : 252 248 248 252 253 248
COLQ r=2 k=27 cnt_AB=501 : 252 248 248 252 253 248
COLQ r=2 k=28 cnt_AB=501 : 252 248 248 252 253 248
HISTO r=2 : 0 0 0 0 0 0 0 1 30 91 132 113 73 28 19 8 6 0 0 0 0 0 0 0 0 0 0 0 0 0 0 0 0 0 0 0 0 0 0 0 0 0 0 0 0 0 0 0 0 0 0 0 0 0 0 0 0 0 0 0 0 0 0 0
HISTO r=3 : 0 0 0 0 0 5 75 99 36 20 12 1 2 0 0 0 0 0 0 0 0 0 0 0 0 0 0 0 0 0 0 0 0 0 0 0 0 0 0 0 0 0 0 0 0 0 0 0 0 0 0 0 0 0 0 0 0 0 0 0 0 0 0 0
HISTO r=4 : 0 0 0 0 20 84 102 27 13 1 2 0 0 0 0 0 0 0 0 0 0 0 0 0 0 0 0 0 0 0 0 0 0 0 0 0 0 0 0 0 0 0 0 0 0 0 0 0 0 0 0 0 0 0 0 0 0 0 0 0 0 0 0 0
HISTO r=5 : 0 0 0 0 25 55 35 7 1 0 0 0 0 0 0 0 0 0 0 0 0 0 0 0 0 0 0 0 0 0 0 0 0 0 0 0 0 0 0 0 0 0 0 0 0 0 0 0 0 0 0 0 0 0 0 0 0 0 0 0 0 0 0 0
HISTO r=6 : 0 0 0 5 120 86 33 5 1 0 0 0 0 0 0 0 0 0 0 0 0 0 0 0 0 0 0 0 0 0 0 0 0 0 0 0 0 0 0 0 0 0 0 0 0 0 0 0 0 0 0 0 0 0 0 0 0 0 0 0 0 0 0 0
HISTO r=7 : 0 0 0 4 43 27 6 2 0 0 0 0 0 0 0 0 0 0 0 0 0 0 0 0 0 0 0 0 0 0 0 0 0 0 0 0 0 0 0 0 0 0 0 0 0 0 0 0 0 0 0 0 0 0 0 0 0 0 0 0 0 0 0 0
HISTO r=8 : 0 0 0 23 82 16 3 0 0 0 0 0 0 0 0 0 0 0 0 0 0 0 0 0 0 0 0 0 0 0 0 0 0 0 0 0 0 0 0 0 0 0 0 0 0 0 0 0 0 0 0 0 0 0 0 0 0 0 0 0 0 0 0 0
HISTO r=9 : 0 0 0 8 64 9 0 0 0 0 1 0 0 0 0 0 0 0 0 0 0 0 0 0 0 0 0 0 0 0 0 0 0 0 0 0 0 0 0 0 0 0 0 0 0 0 0 0 0 0 0 0 0 0 0 0 0 0 0 0 0 0 0 0
TOP r=2 : 1559:16 1621:16 2621:16 2999:16 3301:16 3691:16 2543:15 2753:15 4229:15 4241:15 4481:15 4519:15 4723:15 4733:15 1607:14 2473:14 3137:14 3449:14 3881:14 4007:14
TOP r=3 : 3001:12 3733:12 3823:11 1171:10 1531:10 1609:10 1999:10 2269:10 2383:10 3061:10 3163:10 4111:10 4261:10 4783:10 4969:10 1327:9 1657:9 1693:9 1723:9 1993:9
TOP r=4 : 4001:10 4261:10 4621:9 1301:8 1409:8 2017:8 2677:8 2837:8 2969:8 3229:8 3833:8 3917:8 4021:8 4153:8 4289:8 4877:8 1381:7 1489:7 1601:7 1741:7
TOP r=5 : 3881:8 1511:7 2381:7 2851:7 3041:7 3061:7 4421:7 4861:7 1091:6 1361:6 1471:6 1531:6 1721:6 1801:6 1861:6 2011:6 2441:6 2521:6 2621:6 3001:6
TOP r=6 : 3823:8 2593:7 3499:7 3691:7 3847:7 4261:7 1069:6 1447:6 1549:6 1609:6 1627:6 1747:6 1861:6 2017:6 2221:6 2389:6 2551:6 2713:6 2731:6 3001:6
TOP r=7 : 2857:7 3389:7 2003:6 2423:6 2731:6 4201:6 4663:6 4999:6 1289:5 1471:5 2311:5 2339:5 2381:5 2521:5 2689:5 2843:5 3109:5 3347:5 3361:5 3557:5
TOP r=8 : 3433:6 4289:6 4561:6 1297:5 1481:5 1657:5 2713:5 2857:5 3217:5 3881:5 4073:5 4153:5 4409:5 4457:5 4649:5 4729:5 4793:5 4889:5 4993:5 1009:4
TOP r=9 : 1531:10 1423:5 1621:5 2053:5 3313:5 3529:5 3637:5 3691:5 3907:5 4159:5 1009:4 1063:4 1153:4 1279:4 1297:4 1459:4 1549:4 1657:4 1693:4 1747:4
